// Jest Snapshot v1, https://goo.gl/fbAQLP

exports[`Leaderboard should render the component when logged in 1`] = `
Object {
  "asFragment": [Function],
  "baseElement": <body>
    <div>
      <div
        class="p-6"
      >
        <table
          class="w-full text-sm"
        >
          <thead
            class="table-auto"
          >
            <tr
              class="table-row"
            >
              <th
                class="border border-solid bg-gray-200 text-left pl-4"
              >
                Users
              </th>
              <th
                class="border border-solid bg-gray-200"
              >
                Answered
              </th>
              <th
                class="border border-solid bg-gray-200"
              >
                Created
              </th>
            </tr>
          </thead>
          <tbody>
            <tr>
              <td
                class="border border-solid text-left pl-4"
              >
                <div
                  class="text-sm font-bold"
                >
                  Sarah Edo
                </div>
                <div
                  class="text-xs"
                >
                  sarahedo
                </div>
              </td>
              <td
                class="border border-solid"
              >
                4
              </td>
              <td
                class="border border-solid"
              >
                2
              </td>
            </tr>
            <tr>
              <td
                class="border border-solid text-left pl-4"
              >
                <div
                  class="text-sm font-bold"
                >
                  Mike Tsamis
                </div>
                <div
                  class="text-xs"
                >
                  mtsamis
                </div>
              </td>
              <td
                class="border border-solid"
              >
                3
              </td>
              <td
                class="border border-solid"
              >
                2
              </td>
            </tr>
            <tr>
              <td
                class="border border-solid text-left pl-4"
              >
                <div
                  class="text-sm font-bold"
                >
                  Tyler McGinnis
                </div>
                <div
                  class="text-xs"
                >
                  tylermcginnis
                </div>
              </td>
              <td
                class="border border-solid"
              >
                2
              </td>
              <td
                class="border border-solid"
              >
                2
              </td>
            </tr>
            <tr>
              <td
                class="border border-solid text-left pl-4"
              >
                <div
                  class="text-sm font-bold"
                >
                  Zenobia Oshikanlu
                </div>
                <div
                  class="text-xs"
                >
                  zoshikanlu
                </div>
              </td>
              <td
                class="border border-solid"
              >
                1
              </td>
              <td
                class="border border-solid"
              >
                0
              </td>
            </tr>
          </tbody>
        </table>
      </div>
    </div>
  </body>,
  "container": <div>
    <div
      class="p-6"
    >
      <table
        class="w-full text-sm"
      >
        <thead
          class="table-auto"
        >
          <tr
            class="table-row"
          >
            <th
              class="border border-solid bg-gray-200 text-left pl-4"
            >
              Users
            </th>
            <th
              class="border border-solid bg-gray-200"
            >
              Answered
            </th>
            <th
              class="border border-solid bg-gray-200"
            >
              Created
            </th>
          </tr>
        </thead>
        <tbody>
          <tr>
            <td
              class="border border-solid text-left pl-4"
            >
              <div
                class="text-sm font-bold"
              >
                Sarah Edo
              </div>
              <div
                class="text-xs"
              >
                sarahedo
              </div>
            </td>
            <td
              class="border border-solid"
            >
              4
            </td>
            <td
              class="border border-solid"
            >
              2
            </td>
          </tr>
          <tr>
            <td
              class="border border-solid text-left pl-4"
            >
              <div
                class="text-sm font-bold"
              >
                Mike Tsamis
              </div>
              <div
                class="text-xs"
              >
                mtsamis
              </div>
            </td>
            <td
              class="border border-solid"
            >
              3
            </td>
            <td
              class="border border-solid"
            >
              2
            </td>
          </tr>
          <tr>
            <td
              class="border border-solid text-left pl-4"
            >
              <div
                class="text-sm font-bold"
              >
                Tyler McGinnis
              </div>
              <div
                class="text-xs"
              >
                tylermcginnis
              </div>
            </td>
            <td
              class="border border-solid"
            >
              2
            </td>
            <td
              class="border border-solid"
            >
              2
            </td>
          </tr>
          <tr>
            <td
              class="border border-solid text-left pl-4"
            >
              <div
                class="text-sm font-bold"
              >
                Zenobia Oshikanlu
              </div>
              <div
                class="text-xs"
              >
                zoshikanlu
              </div>
            </td>
            <td
              class="border border-solid"
            >
              1
            </td>
            <td
              class="border border-solid"
            >
              0
            </td>
          </tr>
        </tbody>
      </table>
    </div>
  </div>,
  "debug": [Function],
  "findAllByAltText": [Function],
  "findAllByDisplayValue": [Function],
  "findAllByLabelText": [Function],
  "findAllByPlaceholderText": [Function],
  "findAllByRole": [Function],
  "findAllByTestId": [Function],
  "findAllByText": [Function],
  "findAllByTitle": [Function],
  "findByAltText": [Function],
  "findByDisplayValue": [Function],
  "findByLabelText": [Function],
  "findByPlaceholderText": [Function],
  "findByRole": [Function],
  "findByTestId": [Function],
  "findByText": [Function],
  "findByTitle": [Function],
  "getAllByAltText": [Function],
  "getAllByDisplayValue": [Function],
  "getAllByLabelText": [Function],
  "getAllByPlaceholderText": [Function],
  "getAllByRole": [Function],
  "getAllByTestId": [Function],
  "getAllByText": [Function],
  "getAllByTitle": [Function],
  "getByAltText": [Function],
  "getByDisplayValue": [Function],
  "getByLabelText": [Function],
  "getByPlaceholderText": [Function],
  "getByRole": [Function],
  "getByTestId": [Function],
  "getByText": [Function],
  "getByTitle": [Function],
  "queryAllByAltText": [Function],
  "queryAllByDisplayValue": [Function],
  "queryAllByLabelText": [Function],
  "queryAllByPlaceholderText": [Function],
  "queryAllByRole": [Function],
  "queryAllByTestId": [Function],
  "queryAllByText": [Function],
  "queryAllByTitle": [Function],
  "queryByAltText": [Function],
  "queryByDisplayValue": [Function],
  "queryByLabelText": [Function],
  "queryByPlaceholderText": [Function],
  "queryByRole": [Function],
  "queryByTestId": [Function],
  "queryByText": [Function],
  "queryByTitle": [Function],
  "rerender": [Function],
  "unmount": [Function],
}
`;
