// Jest Snapshot v1, https://goo.gl/fbAQLP

exports[`New should display all elements 1`] = `
Object {
  "asFragment": [Function],
  "baseElement": <body>
    <div>
      <div
        class="new-page-container px-14"
      >
        <h1
          class="text-3xl font-bold mt-9"
        >
          Would You Rather
        </h1>
        <h3
          class="text-sm"
        >
          Create Your Own Poll
        </h3>
        <form>
          <div
            class="mt-3"
          >
            <label
              class="block text-sm font-bold"
              data-testid="firstOptionLabel"
              for="firstOption"
            >
              First Option
            </label>
            <input
              class="w-full mt-2 px-3 py-2 border border-slate-300 rounded-md"
              data-testid="firstOption"
              id="firstOption"
              maxlength="255"
              name="firstOption"
              type="text"
              value=""
            />
          </div>
          <div
            class="mt-3"
          >
            <label
              class="block text-sm font-bold"
              data-testid="secondOptionLabel"
              for="secondOption"
            >
              Second Option
            </label>
            <input
              class="w-full mt-2 px-3 py-2 border border-slate-300 rounded-md"
              data-testid="secondOption"
              id="secondOption"
              maxlength="255"
              name="secondOption"
              type="text"
              value=""
            />
          </div>
          <div
            class="mt-5 text-right"
          >
            <button
              class="bg-sky-500 px-5 py-2.5 text-sm leading-5 rounded-md font-semibold text-white disabled:bg-slate-500 disabled:text-white disabled:cursor-not-allowed"
              data-testid="submit-new-poll"
              disabled=""
              type="submit"
            >
              Submit
            </button>
          </div>
        </form>
      </div>
    </div>
  </body>,
  "container": <div>
    <div
      class="new-page-container px-14"
    >
      <h1
        class="text-3xl font-bold mt-9"
      >
        Would You Rather
      </h1>
      <h3
        class="text-sm"
      >
        Create Your Own Poll
      </h3>
      <form>
        <div
          class="mt-3"
        >
          <label
            class="block text-sm font-bold"
            data-testid="firstOptionLabel"
            for="firstOption"
          >
            First Option
          </label>
          <input
            class="w-full mt-2 px-3 py-2 border border-slate-300 rounded-md"
            data-testid="firstOption"
            id="firstOption"
            maxlength="255"
            name="firstOption"
            type="text"
            value=""
          />
        </div>
        <div
          class="mt-3"
        >
          <label
            class="block text-sm font-bold"
            data-testid="secondOptionLabel"
            for="secondOption"
          >
            Second Option
          </label>
          <input
            class="w-full mt-2 px-3 py-2 border border-slate-300 rounded-md"
            data-testid="secondOption"
            id="secondOption"
            maxlength="255"
            name="secondOption"
            type="text"
            value=""
          />
        </div>
        <div
          class="mt-5 text-right"
        >
          <button
            class="bg-sky-500 px-5 py-2.5 text-sm leading-5 rounded-md font-semibold text-white disabled:bg-slate-500 disabled:text-white disabled:cursor-not-allowed"
            data-testid="submit-new-poll"
            disabled=""
            type="submit"
          >
            Submit
          </button>
        </div>
      </form>
    </div>
  </div>,
  "debug": [Function],
  "findAllByAltText": [Function],
  "findAllByDisplayValue": [Function],
  "findAllByLabelText": [Function],
  "findAllByPlaceholderText": [Function],
  "findAllByRole": [Function],
  "findAllByTestId": [Function],
  "findAllByText": [Function],
  "findAllByTitle": [Function],
  "findByAltText": [Function],
  "findByDisplayValue": [Function],
  "findByLabelText": [Function],
  "findByPlaceholderText": [Function],
  "findByRole": [Function],
  "findByTestId": [Function],
  "findByText": [Function],
  "findByTitle": [Function],
  "getAllByAltText": [Function],
  "getAllByDisplayValue": [Function],
  "getAllByLabelText": [Function],
  "getAllByPlaceholderText": [Function],
  "getAllByRole": [Function],
  "getAllByTestId": [Function],
  "getAllByText": [Function],
  "getAllByTitle": [Function],
  "getByAltText": [Function],
  "getByDisplayValue": [Function],
  "getByLabelText": [Function],
  "getByPlaceholderText": [Function],
  "getByRole": [Function],
  "getByTestId": [Function],
  "getByText": [Function],
  "getByTitle": [Function],
  "queryAllByAltText": [Function],
  "queryAllByDisplayValue": [Function],
  "queryAllByLabelText": [Function],
  "queryAllByPlaceholderText": [Function],
  "queryAllByRole": [Function],
  "queryAllByTestId": [Function],
  "queryAllByText": [Function],
  "queryAllByTitle": [Function],
  "queryByAltText": [Function],
  "queryByDisplayValue": [Function],
  "queryByLabelText": [Function],
  "queryByPlaceholderText": [Function],
  "queryByRole": [Function],
  "queryByTestId": [Function],
  "queryByText": [Function],
  "queryByTitle": [Function],
  "rerender": [Function],
  "unmount": [Function],
}
`;

exports[`New should render the component 1`] = `
Object {
  "asFragment": [Function],
  "baseElement": <body>
    <div>
      <div
        class="new-page-container px-14"
      >
        <h1
          class="text-3xl font-bold mt-9"
        >
          Would You Rather
        </h1>
        <h3
          class="text-sm"
        >
          Create Your Own Poll
        </h3>
        <form>
          <div
            class="mt-3"
          >
            <label
              class="block text-sm font-bold"
              data-testid="firstOptionLabel"
              for="firstOption"
            >
              First Option
            </label>
            <input
              class="w-full mt-2 px-3 py-2 border border-slate-300 rounded-md"
              data-testid="firstOption"
              id="firstOption"
              maxlength="255"
              name="firstOption"
              type="text"
              value=""
            />
          </div>
          <div
            class="mt-3"
          >
            <label
              class="block text-sm font-bold"
              data-testid="secondOptionLabel"
              for="secondOption"
            >
              Second Option
            </label>
            <input
              class="w-full mt-2 px-3 py-2 border border-slate-300 rounded-md"
              data-testid="secondOption"
              id="secondOption"
              maxlength="255"
              name="secondOption"
              type="text"
              value=""
            />
          </div>
          <div
            class="mt-5 text-right"
          >
            <button
              class="bg-sky-500 px-5 py-2.5 text-sm leading-5 rounded-md font-semibold text-white disabled:bg-slate-500 disabled:text-white disabled:cursor-not-allowed"
              data-testid="submit-new-poll"
              disabled=""
              type="submit"
            >
              Submit
            </button>
          </div>
        </form>
      </div>
    </div>
  </body>,
  "container": <div>
    <div
      class="new-page-container px-14"
    >
      <h1
        class="text-3xl font-bold mt-9"
      >
        Would You Rather
      </h1>
      <h3
        class="text-sm"
      >
        Create Your Own Poll
      </h3>
      <form>
        <div
          class="mt-3"
        >
          <label
            class="block text-sm font-bold"
            data-testid="firstOptionLabel"
            for="firstOption"
          >
            First Option
          </label>
          <input
            class="w-full mt-2 px-3 py-2 border border-slate-300 rounded-md"
            data-testid="firstOption"
            id="firstOption"
            maxlength="255"
            name="firstOption"
            type="text"
            value=""
          />
        </div>
        <div
          class="mt-3"
        >
          <label
            class="block text-sm font-bold"
            data-testid="secondOptionLabel"
            for="secondOption"
          >
            Second Option
          </label>
          <input
            class="w-full mt-2 px-3 py-2 border border-slate-300 rounded-md"
            data-testid="secondOption"
            id="secondOption"
            maxlength="255"
            name="secondOption"
            type="text"
            value=""
          />
        </div>
        <div
          class="mt-5 text-right"
        >
          <button
            class="bg-sky-500 px-5 py-2.5 text-sm leading-5 rounded-md font-semibold text-white disabled:bg-slate-500 disabled:text-white disabled:cursor-not-allowed"
            data-testid="submit-new-poll"
            disabled=""
            type="submit"
          >
            Submit
          </button>
        </div>
      </form>
    </div>
  </div>,
  "debug": [Function],
  "findAllByAltText": [Function],
  "findAllByDisplayValue": [Function],
  "findAllByLabelText": [Function],
  "findAllByPlaceholderText": [Function],
  "findAllByRole": [Function],
  "findAllByTestId": [Function],
  "findAllByText": [Function],
  "findAllByTitle": [Function],
  "findByAltText": [Function],
  "findByDisplayValue": [Function],
  "findByLabelText": [Function],
  "findByPlaceholderText": [Function],
  "findByRole": [Function],
  "findByTestId": [Function],
  "findByText": [Function],
  "findByTitle": [Function],
  "getAllByAltText": [Function],
  "getAllByDisplayValue": [Function],
  "getAllByLabelText": [Function],
  "getAllByPlaceholderText": [Function],
  "getAllByRole": [Function],
  "getAllByTestId": [Function],
  "getAllByText": [Function],
  "getAllByTitle": [Function],
  "getByAltText": [Function],
  "getByDisplayValue": [Function],
  "getByLabelText": [Function],
  "getByPlaceholderText": [Function],
  "getByRole": [Function],
  "getByTestId": [Function],
  "getByText": [Function],
  "getByTitle": [Function],
  "queryAllByAltText": [Function],
  "queryAllByDisplayValue": [Function],
  "queryAllByLabelText": [Function],
  "queryAllByPlaceholderText": [Function],
  "queryAllByRole": [Function],
  "queryAllByTestId": [Function],
  "queryAllByText": [Function],
  "queryAllByTitle": [Function],
  "queryByAltText": [Function],
  "queryByDisplayValue": [Function],
  "queryByLabelText": [Function],
  "queryByPlaceholderText": [Function],
  "queryByRole": [Function],
  "queryByTestId": [Function],
  "queryByText": [Function],
  "queryByTitle": [Function],
  "rerender": [Function],
  "unmount": [Function],
}
`;
